phone: ANGLE (NVIDIA, NVIDIA GeForce RTX 5090 (0x00002B85) Direct3D11 vs_5_0 ps_5_0, D3D11), CPU throttle 4x, p95 limit 33.3 ms

scenario            scene   layer   median    p95   fps  calls  tris(k)  tex  geo
GB200 100 MW warm   across  power    4.5ms   7.2ms   222     94      387   25   72
GB200 100 MW warm   across  data     3.7ms   7.0ms   270     55      209   29   89
GB200 100 MW warm   across  heat     4.3ms   6.3ms   233     85      345   29   89
GB200 100 MW warm   campus  power    8.5ms  15.7ms   118    172     6822   69  231
GB200 100 MW warm   campus  data     7.1ms  10.0ms   141    165     6786   73  258
GB200 100 MW warm   campus  heat     9.9ms  13.0ms   101    229     6842   74  272
GB200 100 MW warm   hall    power   18.1ms  43.6ms    55    371     2541   84  484
GB200 100 MW warm   hall    data    20.4ms  45.5ms    49    276     2743   94  485
GB200 100 MW warm   hall    heat    16.1ms  39.3ms    62    340     2549   94  485
GB200 100 MW warm   rack    power    8.8ms  13.1ms   114    199      658   89  481
GB200 100 MW warm   rack    data    12.8ms  17.8ms    78    290      829   89  483
GB200 100 MW warm   rack    heat     6.6ms  11.5ms   152    216      641   89  483
GB200 100 MW warm   tray    power    5.2ms   8.2ms   192    130      284   63  319
GB200 100 MW warm   tray    data     3.9ms   6.8ms   256     96      279   63  336
GB200 100 MW warm   tray    heat     4.6ms   7.2ms   217     99      267   63  336
GB200 100 MW warm   chip    power    5.3ms   8.2ms   189     87      211   44  216
GB200 100 MW warm   chip    data     6.6ms   9.4ms   152    139      263   44  234
GB200 100 MW warm   chip    heat     5.0ms   7.7ms   200    106      217   44  242
GB200 100 MW warm   module  power    4.4ms   6.5ms   227     94      103   52  212
GB200 100 MW warm   module  data     5.0ms   6.9ms   200     89      132   52  213
GB200 100 MW warm   module  heat     4.1ms   6.6ms   244     93      101   52  213
GB200 100 MW warm   cpo     power    7.6ms  10.8ms   132    129      111   62  204
GB200 100 MW warm   cpo     data    10.8ms  15.5ms    93    225      287   62  246
GB200 100 MW warm   cpo     heat     5.6ms   8.5ms   179    124      105   62  246
GB200 100 MW warm   coherent power    5.8ms   9.1ms   172    180       78   57  254
GB200 100 MW warm   coherent data     5.8ms   9.4ms   172    192       90   57  256
GB200 100 MW warm   coherent heat     6.4ms   9.5ms   156    187       82   57  256
GB200 100 MW warm   copper  power    4.5ms   6.7ms   222     69       92   49  197
GB200 100 MW warm   copper  data     5.1ms   7.3ms   196     87      128   49  197
GB200 100 MW warm   copper  heat     3.9ms   6.2ms   256     81       95   49  197
GB300 5 GW DC       across  power    5.5ms  10.5ms   182     94      399   33  118
GB300 5 GW DC       across  data     3.8ms   6.0ms   263     55      221   37  135
GB300 5 GW DC       across  heat     4.3ms   6.6ms   233     85      356   37  135
GB300 5 GW DC       campus  power   13.2ms  22.8ms    76    396    10545   74  381
GB300 5 GW DC       campus  data    11.9ms  17.8ms    84    389    10508   78  517
GB300 5 GW DC       campus  heat    10.2ms  14.9ms    98    235    10301   79  539
GB300 5 GW DC       hall    power   18.1ms  42.9ms    55    367     2488   88  709
GB300 5 GW DC       hall    data    30.4ms  47.4ms    33    270     2691   96  710
GB300 5 GW DC       hall    heat    12.8ms  22.5ms    78    336     2490   96  710
GB300 5 GW DC       rack    power    7.0ms  11.6ms   143    201      655   90  479
GB300 5 GW DC       rack    data    11.7ms  18.2ms    85    292      825   90  481
GB300 5 GW DC       rack    heat     8.6ms  11.8ms   116    218      637   90  481
GB300 5 GW DC       tray    power    5.7ms   8.5ms   175    132      283   66  323
GB300 5 GW DC       tray    data     4.8ms   8.1ms   208     96      276   66  339
GB300 5 GW DC       tray    heat     4.8ms   7.2ms   208    101      266   66  339
GB300 5 GW DC       chip    power    4.8ms   7.2ms   208     87      215   47  217
GB300 5 GW DC       chip    data     6.7ms   9.2ms   149    139      267   47  235
GB300 5 GW DC       chip    heat     5.3ms   7.5ms   189    106      217   47  243
GB300 5 GW DC       module  power    4.3ms   6.8ms   233     94      107   54  212
GB300 5 GW DC       module  data     4.6ms   7.1ms   217     89      136   54  213
GB300 5 GW DC       module  heat     3.9ms   6.8ms   256     93      105   54  213
GB300 5 GW DC       cpo     power    6.3ms  10.7ms   159    129      111   64  204
GB300 5 GW DC       cpo     data     8.6ms  16.6ms   116    225      287   64  246
GB300 5 GW DC       cpo     heat     7.1ms  11.1ms   141    124      105   64  246
GB300 5 GW DC       coherent power    7.6ms  10.8ms   132    180       78   60  254
GB300 5 GW DC       coherent data     7.7ms  11.5ms   130    192       90   60  256
GB300 5 GW DC       coherent heat     6.5ms   9.7ms   154    187       82   60  256
GB300 5 GW DC       copper  power    4.1ms   7.0ms   244     69       92   52  197
GB300 5 GW DC       copper  data     4.6ms   6.7ms   217     87      128   52  197
GB300 5 GW DC       copper  heat     4.6ms   7.4ms   217     81       95   52  197
H100 1 GW air       across  power    6.3ms  14.2ms   159     94      389   36  118
H100 1 GW air       across  data     2.8ms   5.6ms   357     55      211   40  135
H100 1 GW air       across  heat     4.7ms   8.8ms   213     85      348   40  135
H100 1 GW air       campus  power   11.7ms  18.9ms    85    216     5731   77  299
H100 1 GW air       campus  data     9.1ms  15.3ms   110    209     5695   81  344
H100 1 GW air       campus  heat     9.0ms  16.8ms   111    241     5646   82  386
H100 1 GW air       hall    power   17.2ms  44.1ms    58    349     2473   89  550
H100 1 GW air       hall    data    24.6ms  46.5ms    41    264     2715   97  551
H100 1 GW air       hall    heat    10.0ms  19.9ms   100    282     2448   97  551
H100 1 GW air       rack    power    9.6ms  13.5ms   104    163      469   86  434
H100 1 GW air       rack    data     9.0ms  14.4ms   111    188      550   86  434
H100 1 GW air       rack    heat     7.9ms  12.8ms   127    185      484   86  434
H100 1 GW air       tray    power    5.7ms   9.7ms   175    123      415   64  271
H100 1 GW air       tray    data     6.4ms  10.1ms   156    111      427   64  297
H100 1 GW air       tray    heat     6.1ms   9.4ms   164    117      418   64  297
H100 1 GW air       chip    power    5.8ms   8.9ms   172     82      149   51  208
H100 1 GW air       chip    data     6.0ms  10.7ms   167    110      178   51  226
H100 1 GW air       chip    heat     4.0ms   6.6ms   250     92      147   51  231
H100 1 GW air       module  power    4.8ms   8.3ms   208     94      103   59  201
H100 1 GW air       module  data     4.1ms   6.8ms   244     89      132   59  202
H100 1 GW air       module  heat     4.1ms   7.2ms   244     93      101   59  202
H100 1 GW air       cpo     power    8.8ms  14.0ms   114    129      111   68  204
H100 1 GW air       cpo     data    12.2ms  18.8ms    82    225      287   68  246
H100 1 GW air       cpo     heat     6.9ms  11.8ms   145    124      105   68  246
H100 1 GW air       coherent power    7.1ms  11.4ms   141    180       78   63  254
H100 1 GW air       coherent data     5.8ms   9.7ms   172    192       90   63  256
H100 1 GW air       coherent heat     6.5ms  11.3ms   154    187       82   63  256
H100 1 GW air       copper  power    4.5ms   7.3ms   222     69       92   55  197
H100 1 GW air       copper  data     5.6ms  13.8ms   179     87      128   55  197
H100 1 GW air       copper  heat     4.5ms   7.3ms   222     81       95   55  197

slowest p95: GB300 5 GW DC/hall/data 47.4 ms; H100 1 GW air/hall/data 46.5 ms; GB200 100 MW warm/hall/data 45.5 ms; H100 1 GW air/hall/power 44.1 ms; GB200 100 MW warm/hall/power 43.6 ms
no page errors
FAIL: 7 case(s) with p95 above 33.3 ms:
  GB200 100 MW warm/hall/power p95 43.6 ms
  GB200 100 MW warm/hall/data p95 45.5 ms
  GB200 100 MW warm/hall/heat p95 39.3 ms
  GB300 5 GW DC/hall/power p95 42.9 ms
  GB300 5 GW DC/hall/data p95 47.4 ms
  H100 1 GW air/hall/power p95 44.1 ms
  H100 1 GW air/hall/data p95 46.5 ms
