phone: ANGLE (NVIDIA, NVIDIA GeForce RTX 5090 (0x00002B85) Direct3D11 vs_5_0 ps_5_0, D3D11), CPU throttle 4x, p95 limit 33.3 ms

scenario            scene   layer   median    p95   fps  calls  tris(k)  tex  geo
GB200 100 MW warm   across  power    6.2ms  10.3ms   161     94      387   25   72
GB200 100 MW warm   across  data     4.6ms   9.1ms   217     55      209   29   89
GB200 100 MW warm   across  heat     4.7ms  10.1ms   213     85      345   29   89
GB200 100 MW warm   campus  power   11.6ms  24.5ms    86    172     6822   69  231
GB200 100 MW warm   campus  data     8.4ms  16.4ms   119    165     6786   73  258
GB200 100 MW warm   campus  heat    10.7ms  19.8ms    93    229     6842   74  272
GB200 100 MW warm   hall    power   30.1ms  46.7ms    33    371     2541   84  484
GB200 100 MW warm   hall    data    23.7ms  47.6ms    42    276     2743   94  485
GB200 100 MW warm   hall    heat    14.9ms  31.0ms    67    340     2549   94  485
GB200 100 MW warm   rack    power    7.4ms  11.6ms   135    199      658   89  481
GB200 100 MW warm   rack    data    11.6ms  17.5ms    86    290      829   89  483
GB200 100 MW warm   rack    heat     6.9ms  10.4ms   145    216      641   89  483
GB200 100 MW warm   tray    power    6.7ms  10.5ms   149    130      284   63  319
GB200 100 MW warm   tray    data     4.5ms   7.8ms   222     96      279   63  336
GB200 100 MW warm   tray    heat     3.8ms   6.0ms   263     99      267   63  336
GB200 100 MW warm   chip    power    4.1ms   7.1ms   244     87      211   44  216
GB200 100 MW warm   chip    data     6.8ms  10.4ms   147    139      263   44  234
GB200 100 MW warm   chip    heat     5.5ms   9.4ms   182    106      217   44  242
GB200 100 MW warm   module  power    4.7ms   7.7ms   213     94      103   52  212
GB200 100 MW warm   module  data     4.7ms   7.8ms   213     89      132   52  213
GB200 100 MW warm   module  heat     3.9ms   6.5ms   256     93      101   52  213
GB200 100 MW warm   cpo     power    7.3ms  13.2ms   137    129      111   62  204
GB200 100 MW warm   cpo     data    12.8ms  20.4ms    78    225      287   62  246
GB200 100 MW warm   cpo     heat     7.5ms  11.4ms   133    124      105   62  246
GB200 100 MW warm   coherent power    6.1ms  10.0ms   164    180       78   57  254
GB200 100 MW warm   coherent data     6.9ms  12.0ms   145    192       90   57  256
GB200 100 MW warm   coherent heat     6.9ms  11.1ms   145    187       82   57  256
GB200 100 MW warm   copper  power    3.5ms   6.1ms   286     69       92   49  197
GB200 100 MW warm   copper  data     4.6ms   7.6ms   217     87      128   49  197
GB200 100 MW warm   copper  heat     4.5ms   8.9ms   222     81       95   49  197
GB300 5 GW DC       across  power    6.1ms  12.6ms   164     94      399   33  118
GB300 5 GW DC       across  data     4.5ms   7.8ms   222     55      221   37  135
GB300 5 GW DC       across  heat     4.7ms   9.3ms   213     85      356   37  135
GB300 5 GW DC       campus  power   17.4ms  41.7ms    57    396    10545   74  381
GB300 5 GW DC       campus  data    18.2ms  43.0ms    55    389    10508   78  517
GB300 5 GW DC       campus  heat    11.0ms  17.6ms    91    235    10301   79  539
GB300 5 GW DC       hall    power   30.9ms  47.4ms    32    367     2488   88  709
GB300 5 GW DC       hall    data    31.5ms  48.1ms    32    270     2691   96  710
GB300 5 GW DC       hall    heat    21.9ms  46.3ms    46    336     2490   96  710
GB300 5 GW DC       rack    power   11.9ms  33.9ms    84    201      655   90  479
GB300 5 GW DC       rack    data    17.3ms  39.3ms    58    292      825   90  481
GB300 5 GW DC       rack    heat    10.7ms  15.3ms    93    218      637   90  481
GB300 5 GW DC       tray    power    5.5ms   9.3ms   182    132      283   66  323
GB300 5 GW DC       tray    data     4.8ms   8.0ms   208     96      276   66  339
GB300 5 GW DC       tray    heat     5.3ms   8.5ms   189    101      266   66  339
GB300 5 GW DC       chip    power    5.1ms   8.3ms   196     87      215   47  217
GB300 5 GW DC       chip    data     6.1ms   9.7ms   164    139      267   47  235
GB300 5 GW DC       chip    heat     5.6ms   8.8ms   179    106      217   47  243
GB300 5 GW DC       module  power    3.8ms   6.7ms   263     94      107   54  212
GB300 5 GW DC       module  data     4.1ms   7.8ms   244     89      136   54  213
GB300 5 GW DC       module  heat     3.1ms   5.7ms   323     93      105   54  213
GB300 5 GW DC       cpo     power    8.8ms  13.1ms   114    129      111   64  204
GB300 5 GW DC       cpo     data    12.8ms  20.8ms    78    225      287   64  246
GB300 5 GW DC       cpo     heat     5.1ms   8.4ms   196    124      105   64  246
GB300 5 GW DC       coherent power    5.2ms   8.0ms   192    180       78   60  254
GB300 5 GW DC       coherent data     5.4ms   8.5ms   185    192       90   60  256
GB300 5 GW DC       coherent heat     5.9ms   9.8ms   169    187       82   60  256
GB300 5 GW DC       copper  power    4.1ms   7.0ms   244     69       92   52  197
GB300 5 GW DC       copper  data     3.6ms   5.9ms   278     87      128   52  197
GB300 5 GW DC       copper  heat     3.5ms   5.8ms   286     81       95   52  197
H100 1 GW air       across  power    5.3ms  12.7ms   189     94      389   36  118
H100 1 GW air       across  data     3.8ms   6.5ms   263     55      211   40  135
H100 1 GW air       across  heat     4.4ms   7.4ms   227     85      348   40  135
H100 1 GW air       campus  power   10.3ms  16.0ms    97    216     5731   77  299
H100 1 GW air       campus  data     8.9ms  16.0ms   112    209     5695   81  344
H100 1 GW air       campus  heat     8.3ms  13.3ms   120    241     5646   82  386
H100 1 GW air       hall    power   16.4ms  41.3ms    61    349     2473   89  550
H100 1 GW air       hall    data    20.6ms  47.1ms    49    264     2715   97  551
H100 1 GW air       hall    heat    13.8ms  39.2ms    72    282     2448   97  551
H100 1 GW air       rack    power    6.7ms  11.2ms   149    163      469   86  434
H100 1 GW air       rack    data     7.4ms  11.6ms   135    188      550   86  434
H100 1 GW air       rack    heat     6.2ms  11.7ms   161    185      484   86  434
H100 1 GW air       tray    power    6.3ms  10.8ms   159    123      415   64  271
H100 1 GW air       tray    data     6.2ms   9.2ms   161    111      427   64  297
H100 1 GW air       tray    heat     6.1ms   9.6ms   164    117      418   64  297
H100 1 GW air       chip    power    5.1ms   8.1ms   196     82      149   51  208
H100 1 GW air       chip    data     7.2ms  10.4ms   139    110      178   51  226
H100 1 GW air       chip    heat     5.6ms   8.4ms   179     92      147   51  231
H100 1 GW air       module  power    5.5ms   8.4ms   182     94      103   59  201
H100 1 GW air       module  data     5.2ms   8.6ms   192     89      132   59  202
H100 1 GW air       module  heat     4.2ms   7.0ms   238     93      101   59  202
H100 1 GW air       cpo     power    8.3ms  12.4ms   120    129      111   68  204
H100 1 GW air       cpo     data    14.4ms  22.2ms    69    225      287   68  246
H100 1 GW air       cpo     heat     8.9ms  13.0ms   112    124      105   68  246
H100 1 GW air       coherent power    7.0ms  10.4ms   143    180       78   63  254
H100 1 GW air       coherent data     7.9ms  11.1ms   127    192       90   63  256
H100 1 GW air       coherent heat     7.3ms  11.7ms   137    187       82   63  256
H100 1 GW air       copper  power    5.3ms   8.0ms   189     69       92   55  197
H100 1 GW air       copper  data     6.1ms   9.8ms   164     87      128   55  197
H100 1 GW air       copper  heat     4.4ms   7.1ms   227     81       95   55  197

slowest p95: GB300 5 GW DC/hall/data 48.1 ms; GB200 100 MW warm/hall/data 47.6 ms; GB300 5 GW DC/hall/power 47.4 ms; H100 1 GW air/hall/data 47.1 ms; GB200 100 MW warm/hall/power 46.7 ms
no page errors
FAIL: 12 case(s) with p95 above 33.3 ms:
  GB200 100 MW warm/hall/power p95 46.7 ms
  GB200 100 MW warm/hall/data p95 47.6 ms
  GB300 5 GW DC/campus/power p95 41.7 ms
  GB300 5 GW DC/campus/data p95 43.0 ms
  GB300 5 GW DC/hall/power p95 47.4 ms
  GB300 5 GW DC/hall/data p95 48.1 ms
  GB300 5 GW DC/hall/heat p95 46.3 ms
  GB300 5 GW DC/rack/power p95 33.9 ms
  GB300 5 GW DC/rack/data p95 39.3 ms
  H100 1 GW air/hall/power p95 41.3 ms
  H100 1 GW air/hall/data p95 47.1 ms
  H100 1 GW air/hall/heat p95 39.2 ms
