desktop: ANGLE (NVIDIA, NVIDIA GeForce RTX 5090 (0x00002B85) Direct3D11 vs_5_0 ps_5_0, D3D11)

scenario            scene   layer   median    p95   fps  calls  tris(k)  tex  geo
GB200 100 MW warm   across  power    0.6ms   1.2ms  1667     94      417   27   69
GB200 100 MW warm   across  data     0.4ms   0.9ms  2500     56      212   32   86
GB200 100 MW warm   across  heat     0.6ms   1.0ms  1667     84      366   32   87
GB200 100 MW warm   campus  power    2.0ms   3.1ms   500    336    27623   76  238
GB200 100 MW warm   campus  data     1.8ms   4.3ms   556    352    27632   80  265
GB200 100 MW warm   campus  heat     2.2ms   4.1ms   455    393    27633   81  279
GB200 100 MW warm   hall    power    7.1ms  11.8ms   141   1246    11303  133  568
GB200 100 MW warm   hall    data     7.7ms  11.0ms   130   1038    12300  143  569
GB200 100 MW warm   hall    heat     6.1ms   8.8ms   164   1088    11276  143  569
GB200 100 MW warm   rack    power    3.3ms   5.0ms   303    737     2816  189  747
GB200 100 MW warm   rack    data     4.3ms   6.2ms   233    919     3272  189  749
GB200 100 MW warm   rack    heat     3.1ms   4.3ms   323    771     2767  189  749
GB200 100 MW warm   tray    power    1.5ms   2.7ms   667    255      915  214  835
GB200 100 MW warm   tray    data     1.1ms   2.2ms   909    222      909  214  853
GB200 100 MW warm   tray    heat     1.1ms   1.9ms   909    224      895  214  853
GB200 100 MW warm   chip    power    1.2ms   2.2ms   833    155      609  244  905
GB200 100 MW warm   chip    data     1.4ms   2.5ms   714    207      666  244  923
GB200 100 MW warm   chip    heat     1.2ms   2.0ms   833    174      611  244  932
GB200 100 MW warm   module  power    1.1ms   1.9ms   909    276      386  272 1003
GB200 100 MW warm   module  data     1.1ms   1.5ms   909    270      427  272 1004
GB200 100 MW warm   module  heat     1.0ms   1.5ms  1000    275      382  272 1004
GB200 100 MW warm   cpo     power    1.8ms   3.2ms   556    269      345  312 1074
GB200 100 MW warm   cpo     data     2.2ms   4.0ms   455    374      560  312 1116
GB200 100 MW warm   cpo     heat     1.6ms   2.7ms   625    288      352  312 1116
GB200 100 MW warm   coherent power    1.4ms   1.9ms   714    396      186  342 1196
GB200 100 MW warm   coherent data     1.5ms   1.9ms   667    408      199  342 1198
GB200 100 MW warm   coherent heat     1.5ms   2.0ms   667    403      190  342 1198
GB200 100 MW warm   copper  power    0.9ms   1.2ms  1111    178      343  374 1251
GB200 100 MW warm   copper  data     0.9ms   1.5ms  1111    190      339  374 1251
GB200 100 MW warm   copper  heat     0.8ms   1.4ms  1250    190      345  374 1251
GB300 5 GW DC       across  power    0.9ms   1.6ms  1111     82      402   64  154
GB300 5 GW DC       across  data     0.5ms   1.0ms  2000     58      224   70  172
GB300 5 GW DC       across  heat     0.6ms   1.0ms  1667     84      376   75  181
GB300 5 GW DC       campus  power    3.6ms   5.2ms   278    560    36992  115  432
GB300 5 GW DC       campus  data     3.1ms   5.7ms   323    576    37001  119  568
GB300 5 GW DC       campus  heat     3.7ms   6.3ms   270    399    36695  120  590
GB300 5 GW DC       hall    power    6.8ms   8.2ms   147   1235    11143  171  837
GB300 5 GW DC       hall    data     7.8ms   9.2ms   128   1023    12136  179  838
GB300 5 GW DC       hall    heat     5.5ms   7.1ms   182   1077    11099  179  838
GB300 5 GW DC       rack    power    3.4ms   5.8ms   294    745     2800  224 1013
GB300 5 GW DC       rack    data     4.1ms   5.0ms   244    927     3256  224 1015
GB300 5 GW DC       rack    heat     3.0ms   4.2ms   333    779     2751  224 1015
GB300 5 GW DC       tray    power    1.4ms   1.8ms   714    264      909  250 1104
GB300 5 GW DC       tray    data     1.1ms   1.6ms   909    229      902  250 1121
GB300 5 GW DC       tray    heat     1.1ms   1.5ms   909    233      888  250 1121
GB300 5 GW DC       chip    power    1.1ms   1.7ms   909    155      623  280 1173
GB300 5 GW DC       chip    data     1.3ms   1.9ms   769    207      680  280 1191
GB300 5 GW DC       chip    heat     1.1ms   1.5ms   909    174      621  280 1200
GB300 5 GW DC       module  power    1.0ms   1.5ms  1000    279      402  307 1271
GB300 5 GW DC       module  data     1.1ms   1.6ms   909    273      443  307 1272
GB300 5 GW DC       module  heat     1.0ms   1.3ms  1000    278      398  307 1272
GB300 5 GW DC       cpo     power    1.6ms   2.1ms   625    269      345  347 1342
GB300 5 GW DC       cpo     data     2.1ms   2.9ms   476    374      560  347 1384
GB300 5 GW DC       cpo     heat     1.5ms   2.0ms   667    288      352  347 1384
GB300 5 GW DC       coherent power    1.4ms   1.9ms   714    396      186  377 1464
GB300 5 GW DC       coherent data     1.5ms   2.0ms   667    408      199  377 1466
GB300 5 GW DC       coherent heat     1.8ms   3.5ms   556    403      190  377 1466
GB300 5 GW DC       copper  power    0.8ms   1.6ms  1250    178      343  377 1472
GB300 5 GW DC       copper  data     1.1ms   1.5ms   909    190      339  377 1472
GB300 5 GW DC       copper  heat     0.8ms   1.3ms  1250    190      345  377 1472
H100 1 GW air       across  power    0.8ms   1.4ms  1250     81      392   68  153
H100 1 GW air       across  data     0.6ms   1.0ms  1667     58      214   74  171
H100 1 GW air       across  heat     0.6ms   1.2ms  1667     84      369   80  180
H100 1 GW air       campus  power    2.2ms   3.5ms   455    384    24033  120  346
H100 1 GW air       campus  data     1.9ms   3.3ms   526    400    24042  124  391
H100 1 GW air       campus  heat     2.5ms   4.2ms   400    409    23923  125  437
H100 1 GW air       hall    power    7.6ms  13.6ms   132   1192    10141  174  678
H100 1 GW air       hall    data     9.0ms  14.8ms   111   1004    11270  182  679
H100 1 GW air       hall    heat     6.1ms  10.8ms   164    962    10045  182  679
H100 1 GW air       rack    power    3.2ms   5.3ms   313    593     1938  222  815
H100 1 GW air       rack    data     3.5ms   5.7ms   286    649     2159  222  815
H100 1 GW air       rack    heat     2.9ms   5.0ms   345    643     1971  222  815
H100 1 GW air       tray    power    1.6ms   2.7ms   625    233     1366  247  895
H100 1 GW air       tray    data     1.4ms   3.3ms   714    218     1380  247  921
H100 1 GW air       tray    heat     1.7ms   4.0ms   588    224     1369  247  921
H100 1 GW air       chip    power    1.3ms   2.9ms   769    161      441  277  965
H100 1 GW air       chip    data     1.3ms   2.4ms   769    189      472  277  983
H100 1 GW air       chip    heat     1.1ms   2.1ms   909    171      435  278  989
H100 1 GW air       module  power    1.2ms   2.8ms   833    276      386  306 1060
H100 1 GW air       module  data     1.3ms   2.7ms   769    270      427  306 1061
H100 1 GW air       module  heat     1.0ms   1.7ms  1000    275      382  306 1061
H100 1 GW air       cpo     power    1.7ms   3.3ms   588    269      345  346 1131
H100 1 GW air       cpo     data     2.5ms   5.3ms   400    374      560  346 1173
H100 1 GW air       cpo     heat     1.9ms   3.6ms   526    288      352  346 1173
H100 1 GW air       coherent power    1.7ms   3.3ms   588    396      186  376 1253
H100 1 GW air       coherent data     1.8ms   4.1ms   556    408      199  376 1255
H100 1 GW air       coherent heat     1.7ms   2.7ms   588    403      190  376 1255
H100 1 GW air       copper  power    0.9ms   1.9ms  1111    178      343  376 1261
H100 1 GW air       copper  data     1.2ms   2.4ms   833    190      339  376 1261
H100 1 GW air       copper  heat     0.9ms   1.7ms  1111    190      345  376 1261

slowest p95: H100 1 GW air/hall/data 14.8 ms; H100 1 GW air/hall/power 13.6 ms; GB200 100 MW warm/hall/power 11.8 ms; GB200 100 MW warm/hall/data 11.0 ms; H100 1 GW air/hall/heat 10.8 ms
no page errors
