ok   desktop-0-across-data.png          differing>8: 0 (0.0000%)  any: 0  max channel delta: 0
ok   desktop-0-across-heat.png          differing>8: 0 (0.0000%)  any: 0  max channel delta: 0
ok   desktop-0-across-power.png         differing>8: 0 (0.0000%)  any: 0  max channel delta: 0
ok   desktop-1-campus-data.png          differing>8: 0 (0.0000%)  any: 0  max channel delta: 0
ok   desktop-1-campus-heat.png          differing>8: 0 (0.0000%)  any: 0  max channel delta: 0
ok   desktop-1-campus-power.png         differing>8: 0 (0.0000%)  any: 0  max channel delta: 0
ok   desktop-2-hall-data.png            differing>8: 0 (0.0000%)  any: 0  max channel delta: 0
ok   desktop-2-hall-heat.png            differing>8: 0 (0.0000%)  any: 0  max channel delta: 0
ok   desktop-2-hall-power.png           differing>8: 0 (0.0000%)  any: 0  max channel delta: 0
ok   desktop-3-rack-data.png            differing>8: 0 (0.0000%)  any: 0  max channel delta: 0
ok   desktop-3-rack-heat.png            differing>8: 0 (0.0000%)  any: 0  max channel delta: 0
ok   desktop-3-rack-power.png           differing>8: 0 (0.0000%)  any: 0  max channel delta: 0
ok   desktop-4-tray-data.png            differing>8: 0 (0.0000%)  any: 0  max channel delta: 0
ok   desktop-4-tray-heat.png            differing>8: 0 (0.0000%)  any: 0  max channel delta: 0
ok   desktop-4-tray-power.png           differing>8: 0 (0.0000%)  any: 0  max channel delta: 0
ok   desktop-5-chip-data.png            differing>8: 0 (0.0000%)  any: 0  max channel delta: 0
ok   desktop-5-chip-heat.png            differing>8: 0 (0.0000%)  any: 45  max channel delta: 1
ok   desktop-5-chip-power.png           differing>8: 0 (0.0000%)  any: 0  max channel delta: 0
ok   desktop-6-module-data.png          differing>8: 0 (0.0000%)  any: 0  max channel delta: 0
ok   desktop-6-module-heat.png          differing>8: 0 (0.0000%)  any: 0  max channel delta: 0
ok   desktop-6-module-power.png         differing>8: 0 (0.0000%)  any: 0  max channel delta: 0
ok   desktop-7-cpo-data.png             differing>8: 0 (0.0000%)  any: 0  max channel delta: 0
ok   desktop-7-cpo-heat.png             differing>8: 0 (0.0000%)  any: 0  max channel delta: 0
ok   desktop-7-cpo-power.png            differing>8: 0 (0.0000%)  any: 0  max channel delta: 0
ok   desktop-8-coherent-data.png        differing>8: 0 (0.0000%)  any: 0  max channel delta: 0
ok   desktop-8-coherent-heat.png        differing>8: 0 (0.0000%)  any: 0  max channel delta: 0
ok   desktop-8-coherent-power.png       differing>8: 0 (0.0000%)  any: 0  max channel delta: 0
ok   desktop-9-copper-data.png          differing>8: 0 (0.0000%)  any: 0  max channel delta: 0
ok   desktop-9-copper-heat.png          differing>8: 0 (0.0000%)  any: 1  max channel delta: 1
ok   desktop-9-copper-power.png         differing>8: 0 (0.0000%)  any: 2  max channel delta: 1
ok   phone-0-across-data.png            differing>8: 0 (0.0000%)  any: 0  max channel delta: 0
ok   phone-0-across-heat.png            differing>8: 0 (0.0000%)  any: 0  max channel delta: 0
ok   phone-0-across-power.png           differing>8: 0 (0.0000%)  any: 0  max channel delta: 0
ok   phone-1-campus-data.png            differing>8: 0 (0.0000%)  any: 0  max channel delta: 0
ok   phone-1-campus-heat.png            differing>8: 0 (0.0000%)  any: 0  max channel delta: 0
ok   phone-1-campus-power.png           differing>8: 0 (0.0000%)  any: 0  max channel delta: 0
ok   phone-2-hall-data.png              differing>8: 0 (0.0000%)  any: 0  max channel delta: 0
ok   phone-2-hall-heat.png              differing>8: 0 (0.0000%)  any: 0  max channel delta: 0
ok   phone-2-hall-power.png             differing>8: 0 (0.0000%)  any: 0  max channel delta: 0
ok   phone-3-rack-data.png              differing>8: 1063 (0.0923%)  any: 5808  max channel delta: 88
ok   phone-3-rack-heat.png              differing>8: 0 (0.0000%)  any: 0  max channel delta: 0
ok   phone-3-rack-power.png             differing>8: 0 (0.0000%)  any: 0  max channel delta: 0
ok   phone-4-tray-data.png              differing>8: 0 (0.0000%)  any: 0  max channel delta: 0
ok   phone-4-tray-heat.png              differing>8: 0 (0.0000%)  any: 0  max channel delta: 0
ok   phone-4-tray-power.png             differing>8: 0 (0.0000%)  any: 0  max channel delta: 0
ok   phone-5-chip-data.png              differing>8: 0 (0.0000%)  any: 0  max channel delta: 0
ok   phone-5-chip-heat.png              differing>8: 0 (0.0000%)  any: 0  max channel delta: 0
ok   phone-5-chip-power.png             differing>8: 0 (0.0000%)  any: 0  max channel delta: 0
ok   phone-6-module-data.png            differing>8: 0 (0.0000%)  any: 0  max channel delta: 0
ok   phone-6-module-heat.png            differing>8: 0 (0.0000%)  any: 0  max channel delta: 0
ok   phone-6-module-power.png           differing>8: 0 (0.0000%)  any: 0  max channel delta: 0
ok   phone-7-cpo-data.png               differing>8: 0 (0.0000%)  any: 0  max channel delta: 0
ok   phone-7-cpo-heat.png               differing>8: 0 (0.0000%)  any: 0  max channel delta: 0
ok   phone-7-cpo-power.png              differing>8: 0 (0.0000%)  any: 0  max channel delta: 0
ok   phone-8-coherent-data.png          differing>8: 0 (0.0000%)  any: 0  max channel delta: 0
ok   phone-8-coherent-heat.png          differing>8: 0 (0.0000%)  any: 0  max channel delta: 0
ok   phone-8-coherent-power.png         differing>8: 0 (0.0000%)  any: 0  max channel delta: 0
ok   phone-9-copper-data.png            differing>8: 0 (0.0000%)  any: 0  max channel delta: 0
ok   phone-9-copper-heat.png            differing>8: 0 (0.0000%)  any: 0  max channel delta: 0
ok   phone-9-copper-power.png           differing>8: 0 (0.0000%)  any: 0  max channel delta: 0

60 images, worst 0.0923% of pixels over 8/255 (limit 0.5%), 0 failing
